// Jest Snapshot v1, https://goo.gl/fbAQLP

exports[`Render Map 1`] = `null`;
